------------------------------------------------------------
TimeQuest Timing Analyzer Summary
------------------------------------------------------------

Type  : Slow Model Setup 'CLK'
Slack : -108.146
TNS   : -25543.344

Type  : Slow Model Setup 'CLKI0|PLL1|altpll_component|pll|clk[2]'
Slack : 4.379
TNS   : 0.000

Type  : Slow Model Setup 'iCLK_50'
Slack : 5.144
TNS   : 0.000

Type  : Slow Model Setup 'iCLK_50_4'
Slack : 17.519
TNS   : 0.000

Type  : Slow Model Setup 'VGA_Interface:VGA0|VgaAdapter:VGA0|VgaPll:xx|altpll:altpll_component|_clk0'
Slack : 28.560
TNS   : 0.000

Type  : Slow Model Hold 'CLK'
Slack : 0.391
TNS   : 0.000

Type  : Slow Model Hold 'CLKI0|PLL1|altpll_component|pll|clk[2]'
Slack : 0.391
TNS   : 0.000

Type  : Slow Model Hold 'VGA_Interface:VGA0|VgaAdapter:VGA0|VgaPll:xx|altpll:altpll_component|_clk0'
Slack : 0.391
TNS   : 0.000

Type  : Slow Model Hold 'iCLK_50'
Slack : 0.391
TNS   : 0.000

Type  : Slow Model Hold 'iCLK_50_4'
Slack : 0.391
TNS   : 0.000

Type  : Slow Model Recovery 'VGA_Interface:VGA0|VgaAdapter:VGA0|VgaPll:xx|altpll:altpll_component|_clk0'
Slack : 12.499
TNS   : 0.000

Type  : Slow Model Recovery 'iCLK_50'
Slack : 15.999
TNS   : 0.000

Type  : Slow Model Removal 'iCLK_50'
Slack : 3.032
TNS   : 0.000

Type  : Slow Model Removal 'VGA_Interface:VGA0|VgaAdapter:VGA0|VgaPll:xx|altpll:altpll_component|_clk0'
Slack : 6.792
TNS   : 0.000

Type  : Slow Model Minimum Pulse Width 'CLKI0|PLL1|altpll_component|pll|clk[2]'
Slack : 1.500
TNS   : 0.000

Type  : Slow Model Minimum Pulse Width 'iCLK_50'
Slack : 6.933
TNS   : 0.000

Type  : Slow Model Minimum Pulse Width 'CLK'
Slack : 9.000
TNS   : 0.000

Type  : Slow Model Minimum Pulse Width 'iCLK_50_4'
Slack : 9.000
TNS   : 0.000

Type  : Slow Model Minimum Pulse Width 'VGA_Interface:VGA0|VgaAdapter:VGA0|VgaPll:xx|altpll:altpll_component|_clk0'
Slack : 17.223
TNS   : 0.000

Type  : Slow Model Minimum Pulse Width 'altera_reserved_tck'
Slack : 97.778
TNS   : 0.000

Type  : Fast Model Setup 'CLK'
Slack : -38.423
TNS   : -8544.462

Type  : Fast Model Setup 'CLKI0|PLL1|altpll_component|pll|clk[2]'
Slack : 4.665
TNS   : 0.000

Type  : Fast Model Setup 'iCLK_50'
Slack : 7.949
TNS   : 0.000

Type  : Fast Model Setup 'iCLK_50_4'
Slack : 18.597
TNS   : 0.000

Type  : Fast Model Setup 'VGA_Interface:VGA0|VgaAdapter:VGA0|VgaPll:xx|altpll:altpll_component|_clk0'
Slack : 34.507
TNS   : 0.000

Type  : Fast Model Hold 'CLK'
Slack : 0.215
TNS   : 0.000

Type  : Fast Model Hold 'CLKI0|PLL1|altpll_component|pll|clk[2]'
Slack : 0.215
TNS   : 0.000

Type  : Fast Model Hold 'VGA_Interface:VGA0|VgaAdapter:VGA0|VgaPll:xx|altpll:altpll_component|_clk0'
Slack : 0.215
TNS   : 0.000

Type  : Fast Model Hold 'iCLK_50'
Slack : 0.215
TNS   : 0.000

Type  : Fast Model Hold 'iCLK_50_4'
Slack : 0.215
TNS   : 0.000

Type  : Fast Model Recovery 'VGA_Interface:VGA0|VgaAdapter:VGA0|VgaPll:xx|altpll:altpll_component|_clk0'
Slack : 15.859
TNS   : 0.000

Type  : Fast Model Recovery 'iCLK_50'
Slack : 17.957
TNS   : 0.000

Type  : Fast Model Removal 'iCLK_50'
Slack : 1.721
TNS   : 0.000

Type  : Fast Model Removal 'VGA_Interface:VGA0|VgaAdapter:VGA0|VgaPll:xx|altpll:altpll_component|_clk0'
Slack : 3.746
TNS   : 0.000

Type  : Fast Model Minimum Pulse Width 'CLKI0|PLL1|altpll_component|pll|clk[2]'
Slack : 1.500
TNS   : 0.000

Type  : Fast Model Minimum Pulse Width 'iCLK_50'
Slack : 6.933
TNS   : 0.000

Type  : Fast Model Minimum Pulse Width 'CLK'
Slack : 9.000
TNS   : 0.000

Type  : Fast Model Minimum Pulse Width 'iCLK_50_4'
Slack : 9.000
TNS   : 0.000

Type  : Fast Model Minimum Pulse Width 'VGA_Interface:VGA0|VgaAdapter:VGA0|VgaPll:xx|altpll:altpll_component|_clk0'
Slack : 17.223
TNS   : 0.000

Type  : Fast Model Minimum Pulse Width 'altera_reserved_tck'
Slack : 97.778
TNS   : 0.000

------------------------------------------------------------
